// Jest Snapshot v1, https://goo.gl/fbAQLP

exports[`Alert renders correctly 1`] = `
.c0 {
  font-family: 'Nunito',Arial,sans-serif;
  font-size: 14px;
  line-height: 1.5;
  box-sizing: border-box;
  -webkit-text-size-adjust: 100%;
  -ms-text-size-adjust: 100%;
  -moz-osx-font-smoothing: grayscale;
  -webkit-font-smoothing: antialiased;
}

.c2 {
  box-sizing: border-box;
}

.c4 {
  box-sizing: border-box;
  -webkit-flex: 1;
  -ms-flex: 1;
  flex: 1;
}

.c3 {
  display: -webkit-box;
  display: -webkit-flex;
  display: -ms-flexbox;
  display: flex;
  position: relative;
  margin: 0;
  padding: 16px;
  padding-right: 16px;
  box-shadow: 0 0 10px 0 rgba(221,225,240,0.15);
  border-radius: 10px;
  border: 1px solid #DDE1f0;
  background-color: white;
  color: inherit;
}

.c5 {
  font-size: 14px;
  color: #3c3e42;
}

.c1 {
  font-family: 'Nunito',Arial,sans-serif;
  font-size: 14px;
}

.c1 h1,
.c1 h2,
.c1 h3,
.c1 h4,
.c1 h5,
.c1 h6,
.c1 button {
  font-family: CircularStd,Arial,sans-serif;
}

<div
  className="c0 c1"
>
  <div
    className="c2 c3 "
  >
    
    <div
      className="c4 "
    >
      
      <span
        className="c5"
      >
        An alert
      </span>
    </div>
  </div>
</div>
`;
